��������[0m
[0;32mI (83) boot:  1 phy_init         RF data          ets Jul 29 2019 12:21:46

rst:0x1 (POWERON_RESET),boot:0x13 (SPI_FAST_FLASH_BOOT)
configsip: 271414342, SPIWP:0xee
clk_drv:0x00,q_drv:0x00,d_drv:0x00,cs0_drv:0x00,hd_drv:0x00,wp_drv:0x00
mode:DIO, clock div:1
load:0x3fff0030,len:7524
load:0x40078000,len:16528
ho 0 tail 12 room 4
load:0x40080400,len:4
load:0x40080404,len:4312
entry 0x4008065c
[0;32mI (32) boot: ESP-IDF v5.2.3 2nd stage bootloader[0m
[0;32mI (32) boot: compile time Mar  3 2026 13:29:24[0m
[0;32mI (32) boot: Multicore bootloader[0m
[0;32mI (36) boot: chip revision: v3.1[0m
[0;32mI (40) qio_mode: Enabling default flash chip QIO[0m
[0;32mI (45) boot.esp32: SPI Speed      : 80MHz[0m
[0;32mI (50) boot.esp32: SPI Mode       : QIO[0m
[0;32mI (54) boot.esp32: SPI Flash Size : 8MB[0m
[0;32mI (59) boot: Enabling RNG early entropy source...[0m
[0;32mI (64) boot: Partition Table:[0m
[0;32mI (68) boot: ## Label            Usage          Type ST Offset   Length[0m
[0;32mI (75) boot:  0 nvs              WiFi data        01 02 00009000 00006000[0m
[0;32mI (83) boot:  1 phy_init         RF data          01 01 0000f000 00001000[0m
[0;32mI (90) boot:  2 factory          factory app      00 00 00010000 00100000[0m
[0;32mI (98) boot: End of partition table[0m
[0;32mI (102) esp_image: segment 0: paddr=00010020 vaddr=3f400020 size=0d3a4h ( 54180) map[0m
[0;32mI (124) esp_image: segment 1: paddr=0001d3cc vaddr=3ffb0000 size=02314h (  8980) load[0m
[0;32mI (127) esp_image: segment 2: paddr=0001f6e8 vaddr=40080000 size=00930h (  2352) load[0m
[0;32mI (131) esp_image: segment 3: paddr=00020020 vaddr=400d0020 size=1971ch (104220) map[0m
[0;32mI (165) esp_image: segment 4: paddr=00039744 vaddr=40080930 size=101f4h ( 66036) load[0m
[0;32mI (194) boot: Loaded app from partition at offset 0x10000[0m
[0;32mI (194) boot: Disabling RNG early entropy source...[0m
[0;32mI (205) cpu_start: Multicore app[0m
[0;32mI (206) quad_psram: This chip is ESP32-PICO-V3-02[0m
[0;32mI (206) esp_psram: Found 2MB PSRAM device[0m
[0;32mI (208) esp_psram: Speed: 40MHz[0m
[0;32mI (212) esp_psram: PSRAM initialized, cache is in low/high (2-core) mode.[0m
[0;32mI (650) esp_psram: SPI SRAM memory test OK[0m
[0;32mI (658) cpu_start: Pro cpu start user code[0m
[0;32mI (658) cpu_start: cpu freq: 240000000 Hz[0m
[0;32mI (658) cpu_start: Application information:[0m
[0;32mI (661) cpu_start: Project name:     smart_watch[0m
[0;32mI (666) cpu_start: App version:      1[0m
[0;32mI (671) cpu_start: Compile time:     Mar  3 2026 13:29:20[0m
[0;32mI (677) cpu_start: ELF file SHA256:  0bdd5b932...[0m
[0;32mI (682) cpu_start: ESP-IDF:          v5.2.3[0m
[0;32mI (687) cpu_start: Min chip rev:     v0.0[0m
[0;32mI (692) cpu_start: Max chip rev:     v3.99 [0m
[0;32mI (697) cpu_start: Chip rev:         v3.1[0m
[0;32mI (702) heap_init: Initializing. RAM available for dynamic allocation:[0m
[0;32mI (709) heap_init: At 3FFAE6E0 len 00001920 (6 KiB): DRAM[0m
[0;32mI (715) heap_init: At 3FFB2C80 len 0002D380 (180 KiB): DRAM[0m
[0;32mI (721) heap_init: At 3FFE0440 len 00003AE0 (14 KiB): D/IRAM[0m
[0;32mI (727) heap_init: At 3FFE4350 len 0001BCB0 (111 KiB): D/IRAM[0m
[0;32mI (734) heap_init: At 40090B24 len 0000F4DC (61 KiB): IRAM[0m
[0;32mI (740) esp_psram: Adding pool of 2048K of PSRAM memory to heap allocator[0m
[0;32mI (748) spi_flash: detected chip: generic[0m
[0;32mI (752) spi_flash: flash io: qio[0m
[0;32mI (756) main_task: Started on CPU0[0m
[0;32mI (766) esp_psram: Reserving pool of 32K of internal memory for DMA/internal allocations[0m
[0;32mI (766) main_task: Calling app_main()[0m
[0;32mI (766) gpio: GPIO[4]| InputEn: 0| OutputEn: 0| OpenDrain: 0| Pullup: 1| Pulldown: 0| Intr:0 [0m
[0;32mI (776) M5_APP: Power hold engaged.[0m
[0;32mI (786) DISPLAY_TASK: Initialize SPI bus...[0m
[0;32mI (786) DISPLAY_TASK: Installing panel IO...[0m
[0;32mI (796) gpio: GPIO[14]| InputEn: 0| OutputEn: 1| OpenDrain: 0| Pullup: 0| Pulldown: 0| Intr:0 [0m
[0;32mI (796) DISPLAY_TASK: Installing ST7789 panel driver...[0m
[0;32mI (806) gpio: GPIO[12]| InputEn: 0| OutputEn: 1| OpenDrain: 0| Pullup: 0| Pulldown: 0| Intr:0 [0m
[0;32mI (936) DISPLAY_TASK: Turning on backlight...[0m
[0;32mI (936) gpio: GPIO[27]| InputEn: 0| OutputEn: 0| OpenDrain: 0| Pullup: 1| Pulldown: 0| Intr:0 [0m
