�+��        RF data          01 01 0000f000 00001000[0m
[0;32mI (90�ets Jul 29 2019 12:21:46

rst:0x1 (POWERON_RESET),boot:0x13 (SPI_FAST_FLASH_BOOT)
configsip: 271414342, SPIWP:0xee
clk_drv:0x00,q_drv:0x00,d_drv:0x00,cs0_drv:0x00,hd_drv:0x00,wp_drv:0x00
mode:DIO, clock div:1
load:0x3fff0030,len:7524
load:0x40078000,len:16528
ho 0 tail 12 room 4
load:0x40080400,len:4
load:0x40080404,len:4312
entry 0x4008065c
[0;32mI (32) boot: ESP-IDF v5.2.3 2nd stage bootloader[0m
[0;32mI (32) boot: compile time Mar  3 2026 22:05:00[0m
[0;32mI (32) boot: Multicore bootloader[0m
[0;32mI (36) boot: chip revision: v3.1[0m
[0;32mI (40) qio_mode: Enabling default flash chip QIO[0m
[0;32mI (45) boot.esp32: SPI Speed      : 80MHz[0m
[0;32mI (50) boot.esp32: SPI Mode       : QIO[0m
[0;32mI (54) boot.esp32: SPI Flash Size : 8MB[0m
[0;32mI (59) boot: Enabling RNG early entropy source...[0m
[0;32mI (64) boot: Partition Table:[0m
[0;32mI (68) boot: ## Label            Usage          Type ST Offset   Length[0m
[0;32mI (75) boot:  0 nvs              WiFi data        01 02 00009000 00006000[0m
[0;32mI (83) boot:  1 phy_init         RF data          01 01 0000f000 00001000[0m
[0;32mI (90) boot:  2 factory          factory app      00 00 00010000 00100000[0m
[0;32mI (98) boot: End of partition table[0m
[0;32mI (102) esp_image: segment 0: paddr=00010020 vaddr=3f400020 size=1a284h (107140) map[0m
[0;32mI (138) esp_image: segment 1: paddr=0002a2ac vaddr=3ffbdb60 size=04d48h ( 19784) load[0m
[0;32mI (144) esp_image: segment 2: paddr=0002effc vaddr=40080000 size=0101ch (  4124) load[0m
[0;32mI (145) esp_image: segment 3: paddr=00030020 vaddr=400d0020 size=5b258h (373336) map[0m
[0;32mI (248) esp_image: segment 4: paddr=0008b280 vaddr=4008101c size=1b2dch (111324) load[0m
[0;32mI (296) boot: Loaded app from partition at offset 0x10000[0m
[0;32mI (296) boot: Disabling RNG early entropy source...[0m
[0;32mI (308) cpu_start: Multicore app[0m
[0;32mI (308) quad_psram: This chip is ESP32-PICO-V3-02[0m
[0;32mI (308) esp_psram: Found 2MB PSRAM device[0m
[0;32mI (310) esp_psram: Speed: 40MHz[0m
[0;32mI (314) esp_psram: PSRAM initialized, cache is in low/high (2-core) mode.[0m
[0;32mI (752) esp_psram: SPI SRAM memory test OK[0m
[0;32mI (760) cpu_start: Pro cpu start user code[0m
[0;32mI (760) cpu_start: cpu freq: 240000000 Hz[0m
[0;32mI (760) cpu_start: Application information:[0m
[0;32mI (763) cpu_start: Project name:     smart_watch[0m
[0;32mI (768) cpu_start: App version:      1[0m
[0;32mI (773) cpu_start: Compile time:     Mar  3 2026 22:04:57[0m
[0;32mI (779) cpu_start: ELF file SHA256:  6520735ed...[0m
[0;32mI (784) cpu_start: ESP-IDF:          v5.2.3[0m
[0;32mI (789) cpu_start: Min chip rev:     v0.0[0m
[0;32mI (794) cpu_start: Max chip rev:     v3.99 [0m
[0;32mI (799) cpu_start: Chip rev:         v3.1[0m
[0;32mI (804) heap_init: Initializing. RAM available for dynamic allocation:[0m
[0;32mI (811) heap_init: At 3FFAFF10 len 000000F0 (0 KiB): DRAM[0m
[0;32mI (817) heap_init: At 3FFB6388 len 00001C78 (7 KiB): DRAM[0m
[0;32mI (823) heap_init: At 3FFB9A20 len 00004108 (16 KiB): DRAM[0m
[0;32mI (829) heap_init: At 3FFC5638 len 0001A9C8 (106 KiB): DRAM[0m
[0;32mI (835) heap_init: At 3FFE0440 len 00003AE0 (14 KiB): D/IRAM[0m
[0;32mI (842) heap_init: At 3FFE4350 len 0001BCB0 (111 KiB): D/IRAM[0m
[0;32mI (848) heap_init: At 4009C2F8 len 00003D08 (15 KiB): IRAM[0m
[0;32mI (854) esp_psram: Adding pool of 2048K of PSRAM memory to heap allocator[0m
[0;32mI (862) spi_flash: detected chip: generic[0m
[0;32mI (866) spi_flash: flash io: qio[0m
[0;32mI (871) coexist: coex firmware version: 27d8387[0m
[0;32mI (876) main_task: Started on CPU0[0m
[0;32mI (886) esp_psram: Reserving pool of 32K of internal memory for DMA/internal allocations[0m
[0;32mI (886) main_task: Calling app_main()[0m
[0;32mI (906) gpio: GPIO[4]| InputEn: 0| OutputEn: 0| OpenDrain: 0| Pullup: 1| Pulldown: 0| Intr:0 [0m
[0;32mI (906) BTDM_INIT: BT controller compile version [b022216][0m
[0;32mI (916) BTDM_INIT: Bluetooth MAC: c0:cd:d6:13:d8:d6[0m
[0;32mI (916) phy_init: phy_version 4840,a40f0ac,Aug 16 2024,16:48:06[0m
[0;32mI (1146) BLE_CLOCK: BLE Host Task Started[0m
[0;32mI (1146) main_task: Returned from app_main()[0m
[0;32mI (1146) gpio: GPIO[14]| InputEn: 0| OutputEn: 1| OpenDrain: 0| Pullup: 0| Pulldown: 0| Intr:0 [0m
[0;32mI (1156) gpio: GPIO[12]| InputEn: 0| OutputEn: 1| OpenDrain: 0| Pullup: 0| Pulldown: 0| Intr:0 [0m
[0;32mI (1176) NimBLE: Failed to restore IRKs from store; status=8
[0m
[0;32mI (1176) NimBLE: GAP procedure initiated: advertise; [0m
[0;32mI (1176) NimBLE: disc_mode=2[0m
[0;32mI (1186) NimBLE:  adv_channel_map=0 own_addr_type=0 adv_filter_policy=0 adv_itvl_min=0 adv_itvl_max=0[0m
[0;32mI (1186) NimBLE: 
[0m
[0;32mI (1196) BLE_CLOCK: Device synced and advertising started as M5_Watch![0m
[0;32mI (44386) BLE_CLOCK: Device connected! Status: 0[0m
[0;32mI (46046) BLE_CLOCK: Device disconnected, restarting advertising...[0m
[0;32mI (46046) NimBLE: GAP procedure initiated: advertise; [0m
[0;32mI (46046) NimBLE: disc_mode=2[0m
[0;32mI (46056) NimBLE:  adv_channel_map=0 own_addr_type=0 adv_filter_policy=0 adv_itvl_min=0 adv_itvl_max=0[0m
[0;32mI (46066) NimBLE: 
[0m
[0;32mI (65466) BLE_CLOCK: Device connected! Status: 0[0m
[0;32mI (67156) BLE_CLOCK: Device disconnected, restarting advertising...[0m
[0;32mI (67156) NimBLE: GAP procedure initiated: advertise; [0m
[0;32mI (67156) NimBLE: disc_mode=2[0m
[0;32mI (67156) NimBLE:  adv_channel_map=0 own_addr_type=0 adv_filter_policy=0 adv_itvl_min=0 adv_itvl_max=0[0m
[0;32mI (67166) NimBLE: 
[0m
[0;32mI (81726) BLE_CLOCK: Device connected! Status: 0[0m
[0;32mI (88406) BLE_CLOCK: Device disconnected, restarting advertising...[0m
[0;32mI (88406) NimBLE: GAP procedure initiated: advertise; [0m
[0;32mI (88416) NimBLE: disc_mode=2[0m
[0;32mI (88416) NimBLE:  adv_channel_map=0 own_addr_type=0 adv_filter_policy=0 adv_itvl_min=0 adv_itvl_max=0[0m
[0;32mI (88426) NimBLE: 
[0m
[0;32mI (96406) BLE_CLOCK: Device connected! Status: 0[0m
[0;32mI (124196) BLE_CLOCK: Device disconnected, restarting advertising...[0m
[0;32mI (124196) NimBLE: GAP procedure initiated: advertise; [0m
[0;32mI (124196) NimBLE: disc_mode=2[0m
[0;32mI (124196) NimBLE:  adv_channel_map=0 own_addr_type=0 adv_filter_policy=0 adv_itvl_min=0 adv_itvl_max=0[0m
[0;32mI (124206) NimBLE: 
[0m
[0;32mI (126746) BLE_CLOCK: Device connected! Status: 0[0m
[0;32mI (271616) BLE_CLOCK: Device disconnected, restarting advertising...[0m
[0;32mI (271616) NimBLE: GAP procedure initiated: advertise; [0m
[0;32mI (271616) NimBLE: disc_mode=2[0m
[0;32mI (271616) NimBLE:  adv_channel_map=0 own_addr_type=0 adv_filter_policy=0 adv_itvl_min=0 adv_itvl_max=0[0m
[0;32mI (271626) NimBLE: 
[0m
[0;32mI (295346) BLE_CLOCK: Device connected! Status: 0[0m
[0;32mI (747456) BLE_CLOCK: Time synced: 1772695260[0m
