���[0m
[0;32mI (83) boot:  1 phy_init         RF data          01 0�ets Jul 29 2019 12:21:46

rst:0x1 (POWERON_RESET),boot:0x13 (SPI_FAST_FLASH_BOOT)
configsip: 271414342, SPIWP:0xee
clk_drv:0x00,q_drv:0x00,d_drv:0x00,cs0_drv:0x00,hd_drv:0x00,wp_drv:0x00
mode:DIO, clock div:1
load:0x3fff0030,len:7524
load:0x40078000,len:16528
ho 0 tail 12 room 4
load:0x40080400,len:4
load:0x40080404,len:4312
entry 0x4008065c
[0;32mI (32) boot: ESP-IDF v5.2.3 2nd stage bootloader[0m
[0;32mI (32) boot: compile time Mar  3 2026 22:05:00[0m
[0;32mI (32) boot: Multicore bootloader[0m
[0;32mI (36) boot: chip revision: v3.1[0m
[0;32mI (40) qio_mode: Enabling default flash chip QIO[0m
[0;32mI (45) boot.esp32: SPI Speed      : 80MHz[0m
[0;32mI (50) boot.esp32: SPI Mode       : QIO[0m
[0;32mI (54) boot.esp32: SPI Flash Size : 8MB[0m
[0;32mI (59) boot: Enabling RNG early entropy source...[0m
[0;32mI (64) boot: Partition Table:[0m
[0;32mI (68) boot: ## Label            Usage          Type ST Offset   Length[0m
[0;32mI (75) boot:  0 nvs              WiFi data        01 02 00009000 00006000[0m
[0;32mI (83) boot:  1 phy_init         RF data          01 01 0000f000 00001000[0m
[0;32mI (90) boot:  2 factory          factory app      00 00 00010000 00100000[0m
[0;32mI (98) boot: End of partition table[0m
[0;32mI (102) esp_image: segment 0: paddr=00010020 vaddr=3f400020 size=25964h (153956) map[0m
[0;32mI (150) esp_image: segment 1: paddr=0003598c vaddr=3ffbdb60 size=04dd8h ( 19928) load[0m
[0;32mI (156) esp_image: segment 2: paddr=0003a76c vaddr=40080000 size=058ach ( 22700) load[0m
[0;32mI (163) esp_image: segment 3: paddr=00040020 vaddr=400d0020 size=88154h (557396) map[0m
[0;32mI (307) esp_image: segment 4: paddr=000c817c vaddr=400858ac size=16a6ch ( 92780) load[0m
[0;32mI (350) boot: Loaded app from partition at offset 0x10000[0m
[0;32mI (350) boot: Disabling RNG early entropy source...[0m
[0;32mI (361) cpu_start: Multicore app[0m
[0;32mI (362) quad_psram: This chip is ESP32-PICO-V3-02[0m
[0;32mI (362) esp_psram: Found 2MB PSRAM device[0m
[0;32mI (366) esp_psram: Speed: 40MHz[0m
[0;32mI (370) esp_psram: PSRAM initialized, cache is in low/high (2-core) mode.[0m
[0;32mI (808) esp_psram: SPI SRAM memory test OK[0m
[0;32mI (816) cpu_start: Pro cpu start user code[0m
[0;32mI (816) cpu_start: cpu freq: 240000000 Hz[0m
[0;32mI (816) cpu_start: Application information:[0m
[0;32mI (819) cpu_start: Project name:     smart_watch[0m
[0;32mI (824) cpu_start: App version:      1[0m
[0;32mI (829) cpu_start: Compile time:     Mar  6 2026 15:47:24[0m
[0;32mI (835) cpu_start: ELF file SHA256:  9599f1969...[0m
[0;32mI (840) cpu_start: ESP-IDF:          v5.2.3[0m
[0;32mI (845) cpu_start: Min chip rev:     v0.0[0m
[0;32mI (850) cpu_start: Max chip rev:     v3.99 [0m
[0;32mI (855) cpu_start: Chip rev:         v3.1[0m
[0;32mI (860) heap_init: Initializing. RAM available for dynamic allocation:[0m
[0;32mI (867) heap_init: At 3FFAFF10 len 000000F0 (0 KiB): DRAM[0m
[0;32mI (873) heap_init: At 3FFB6388 len 00001C78 (7 KiB): DRAM[0m
[0;32mI (879) heap_init: At 3FFB9A20 len 00004108 (16 KiB): DRAM[0m
[0;32mI (885) heap_init: At 3FFCF5F8 len 00010A08 (66 KiB): DRAM[0m
[0;32mI (891) heap_init: At 3FFE0440 len 00003AE0 (14 KiB): D/IRAM[0m
[0;32mI (897) heap_init: At 3FFE4350 len 0001BCB0 (111 KiB): D/IRAM[0m
[0;32mI (904) heap_init: At 4009C318 len 00003CE8 (15 KiB): IRAM[0m
[0;32mI (910) esp_psram: Adding pool of 2048K of PSRAM memory to heap allocator[0m
[0;32mI (918) spi_flash: detected chip: generic[0m
[0;32mI (922) spi_flash: flash io: qio[0m
[0;32mI (926) coexist: coex firmware version: 27d8387[0m
[0;32mI (932) main_task: Started on CPU0[0m
[0;32mI (942) esp_psram: Reserving pool of 32K of internal memory for DMA/internal allocations[0m
[0;32mI (942) main_task: Calling app_main()[0m
[0;32mI (962) gpio: GPIO[4]| InputEn: 0| OutputEn: 0| OpenDrain: 0| Pullup: 1| Pulldown: 0| Intr:0 [0m
[0;32mI (962) BTDM_INIT: BT controller compile version [b022216][0m
[0;32mI (972) BTDM_INIT: Bluetooth MAC: c0:cd:d6:13:d8:d6[0m
[0;32mI (972) phy_init: phy_version 4840,a40f0ac,Aug 16 2024,16:48:06[0m
[0;32mI (1202) BLE_CLOCK: BLE Host Task Started[0m
[0;32mI (1202) main_task: Returned from app_main()[0m
[0;32mI (1202) gpio: GPIO[14]| InputEn: 0| OutputEn: 1| OpenDrain: 0| Pullup: 0| Pulldown: 0| Intr:0 [0m
[0;32mI (1212) gpio: GPIO[12]| InputEn: 0| OutputEn: 1| OpenDrain: 0| Pullup: 0| Pulldown: 0| Intr:0 [0m
[0;32mI (1232) NimBLE: Failed to restore IRKs from store; status=8
[0m
[0;32mI (1232) NimBLE: GAP procedure initiated: advertise; [0m
[0;32mI (1232) NimBLE: disc_mode=2[0m
[0;32mI (1232) NimBLE:  adv_channel_map=0 own_addr_type=0 adv_filter_policy=0 adv_itvl_min=0 adv_itvl_max=0[0m
[0;32mI (1242) NimBLE: 
[0m
[0;32mI (1252) BLE_CLOCK: Device synced and advertising started as M5_Watch![0m
[0;32mI (115372) BLE_CLOCK: Device connected! Status: 0[0m
[0;32mI (121292) BLE_CLOCK: Time synced: 1772792466[0m
