�       01 02 00009000 00006000[0m
[0;32mI (77) boot:  1 phy_init  �ets Jul 29 2019 12:21:46

rst:0x1 (POWERON_RESET),boot:0x13 (SPI_FAST_FLASH_BOOT)
configsip: 271414342, SPIWP:0xee
clk_drv:0x00,q_drv:0x00,d_drv:0x00,cs0_drv:0x00,hd_drv:0x00,wp_drv:0x00
mode:DIO, clock div:2
load:0x3fff0030,len:7172
load:0x40078000,len:15540
load:0x40080400,len:4
ho 8 tail 4 room 4
load:0x40080404,len:3904
entry 0x40080640
[0;32mI (32) boot: ESP-IDF v5.2.3 2nd stage bootloader[0m
[0;32mI (32) boot: compile time Mar  3 2026 11:13:58[0m
[0;32mI (32) boot: Multicore bootloader[0m
[0;32mI (36) boot: chip revision: v3.1[0m
[0;32mI (40) boot.esp32: SPI Speed      : 40MHz[0m
[0;32mI (44) boot.esp32: SPI Mode       : DIO[0m
[0;32mI (49) boot.esp32: SPI Flash Size : 2MB[0m
[0;32mI (54) boot: Enabling RNG early entropy source...[0m
[0;32mI (59) boot: Partition Table:[0m
[0;32mI (63) boot: ## Label            Usage          Type ST Offset   Length[0m
[0;32mI (70) boot:  0 nvs              WiFi data        01 02 00009000 00006000[0m
[0;32mI (77) boot:  1 phy_init         RF data          01 01 0000f000 00001000[0m
[0;32mI (85) boot:  2 factory          factory app      00 00 00010000 00100000[0m
[0;32mI (92) boot: End of partition table[0m
[0;32mI (96) esp_image: segment 0: paddr=00010020 vaddr=3f400020 size=09e24h ( 40484) map[0m
[0;32mI (119) esp_image: segment 1: paddr=00019e4c vaddr=3ffb0000 size=02274h (  8820) load[0m
[0;32mI (122) esp_image: segment 2: paddr=0001c0c8 vaddr=40080000 size=03f50h ( 16208) load[0m
[0;32mI (131) esp_image: segment 3: paddr=00020020 vaddr=400d0020 size=14830h ( 84016) map[0m
[0;32mI (162) esp_image: segment 4: paddr=00034858 vaddr=40083f50 size=085c4h ( 34244) load[0m
[0;32mI (182) boot: Loaded app from partition at offset 0x10000[0m
[0;32mI (182) boot: Disabling RNG early entropy source...[0m
[0;32mI (193) cpu_start: Multicore app[0m
[0;32mI (202) cpu_start: Pro cpu start user code[0m
[0;32mI (202) cpu_start: cpu freq: 160000000 Hz[0m
[0;32mI (203) cpu_start: Application information:[0m
[0;32mI (206) cpu_start: Project name:     smart_watch[0m
[0;32mI (211) cpu_start: App version:      1[0m
[0;32mI (215) cpu_start: Compile time:     Mar  3 2026 11:13:49[0m
[0;32mI (221) cpu_start: ELF file SHA256:  a48226c0e...[0m
[0;32mI (227) cpu_start: ESP-IDF:          v5.2.3[0m
[0;32mI (232) cpu_start: Min chip rev:     v0.0[0m
[0;32mI (236) cpu_start: Max chip rev:     v3.99 [0m
[0;32mI (241) cpu_start: Chip rev:         v3.1[0m
[0;32mI (246) heap_init: Initializing. RAM available for dynamic allocation:[0m
[0;32mI (253) heap_init: At 3FFAE6E0 len 00001920 (6 KiB): DRAM[0m
[0;32mI (259) heap_init: At 3FFB2B50 len 0002D4B0 (181 KiB): DRAM[0m
[0;32mI (265) heap_init: At 3FFE0440 len 00003AE0 (14 KiB): D/IRAM[0m
[0;32mI (272) heap_init: At 3FFE4350 len 0001BCB0 (111 KiB): D/IRAM[0m
[0;32mI (278) heap_init: At 4008C514 len 00013AEC (78 KiB): IRAM[0m
[0;32mI (286) spi_flash: detected chip: generic[0m
[0;32mI (289) spi_flash: flash io: dio[0m
[0;33mW (293) spi_flash: Detected size(8192k) larger than the size in the binary image header(2048k). Using the size in the binary image header.[0m
[0;32mI (307) main_task: Started on CPU0[0m
[0;32mI (317) main_task: Calling app_main()[0m
[0;32mI (317) gpio: GPIO[4]| InputEn: 0| OutputEn: 0| OpenDrain: 0| Pullup: 1| Pulldown: 0| Intr:0 [0m
[0;32mI (317) M5_APP: Power hold engaged.[0m
[0;32mI (327) gpio: GPIO[19]| InputEn: 0| OutputEn: 0| OpenDrain: 0| Pullup: 1| Pulldown: 0| Intr:0 [0m
[0;32mI (337) M5_APP: Hello World! Uptime counter: 0[0m
[0;32mI (2337) M5_APP: Hello World! Uptime counter: 1[0m
[0;32mI (4337) M5_APP: Hello World! Uptime counter: 2[0m
[0;32mI (6337) M5_APP: Hello World! Uptime counter: 3[0m
[0;32mI (8337) M5_APP: Hello World! Uptime counter: 4[0m
[0;32mI (10337) M5_APP: Hello World! Uptime counter: 5[0m
[0;32mI (12337) M5_APP: Hello World! Uptime counter: 6[0m
[0;32mI (14337) M5_APP: Hello World! Uptime counter: 7[0m
[0;32mI (16337) M5_APP: Hello World! Uptime counter: 8[0m
[0;32mI (18337) M5_APP: Hello World! Uptime counter: 9[0m
[0;32mI (20337) M5_APP: Hello World! Uptime counter: 10[0m
[0;32mI (22337) M5_APP: Hello World! Uptime counter: 11[0m
[0;32mI (24337) M5_APP: Hello World! Uptime counter: 12[0m
[0;32mI (26337) M5_APP: Hello World! Uptime counter: 13[0m
[0;32mI (28337) M5_APP: Hello World! Uptime counter: 14[0m
[0;32mI (30337) M5_APP: Hello World! Uptime counter: 15[0m
[0;32mI (32337) M5_APP: Hello World! Uptime counter: 16[0m
[0;32mI (34337) M5_APP: Hello World! Uptime counter: 17[0m
[0;32mI (36337) M5_APP: Hello World! Uptime counter: 18[0m
[0;32mI (38337) M5_APP: Hello World! Uptime counter: 19[0m
[0;32mI (40337) M5_APP: Hello World! Uptime counter: 20[0m
[0;32mI (42337) M5_APP: Hello World! Uptime counter: 21[0m
[0;32mI (44337) M5_APP: Hello World! Uptime counter: 22[0m
[0;32mI (46337) M5_APP: Hello World! Uptime counter: 23[0m
[0;32mI (48337) M5_APP: Hello World! Uptime counter: 24[0m
